// Jest Snapshot v1, https://goo.gl/fbAQLP

exports[`Organization Should match snapshot 1`] = `
Object {
  "Parameters": Object {
    "AssetParameters70893b631249dc61260989e92e90d60ae94fbbec490a1e065680d77383084d8dArtifactHash6BDDF757": Object {
      "Description": "Artifact hash for asset \\"70893b631249dc61260989e92e90d60ae94fbbec490a1e065680d77383084d8d\\"",
      "Type": "String",
    },
    "AssetParameters70893b631249dc61260989e92e90d60ae94fbbec490a1e065680d77383084d8dS3BucketF0537962": Object {
      "Description": "S3 bucket for asset \\"70893b631249dc61260989e92e90d60ae94fbbec490a1e065680d77383084d8d\\"",
      "Type": "String",
    },
    "AssetParameters70893b631249dc61260989e92e90d60ae94fbbec490a1e065680d77383084d8dS3VersionKey46386A78": Object {
      "Description": "S3 key for asset version \\"70893b631249dc61260989e92e90d60ae94fbbec490a1e065680d77383084d8d\\"",
      "Type": "String",
    },
  },
  "Resources": Object {
    "AWS679f53fac002430cb0da5b7982bd22872D164C4C": Object {
      "DependsOn": Array [
        "AWS679f53fac002430cb0da5b7982bd2287ServiceRoleC1EA0FF2",
      ],
      "Properties": Object {
        "Code": Object {
          "S3Bucket": Object {
            "Ref": "AssetParameters70893b631249dc61260989e92e90d60ae94fbbec490a1e065680d77383084d8dS3BucketF0537962",
          },
          "S3Key": Object {
            "Fn::Join": Array [
              "",
              Array [
                Object {
                  "Fn::Select": Array [
                    0,
                    Object {
                      "Fn::Split": Array [
                        "||",
                        Object {
                          "Ref": "AssetParameters70893b631249dc61260989e92e90d60ae94fbbec490a1e065680d77383084d8dS3VersionKey46386A78",
                        },
                      ],
                    },
                  ],
                },
                Object {
                  "Fn::Select": Array [
                    1,
                    Object {
                      "Fn::Split": Array [
                        "||",
                        Object {
                          "Ref": "AssetParameters70893b631249dc61260989e92e90d60ae94fbbec490a1e065680d77383084d8dS3VersionKey46386A78",
                        },
                      ],
                    },
                  ],
                },
              ],
            ],
          },
        },
        "Handler": "index.handler",
        "Role": Object {
          "Fn::GetAtt": Array [
            "AWS679f53fac002430cb0da5b7982bd2287ServiceRoleC1EA0FF2",
            "Arn",
          ],
        },
        "Runtime": "nodejs12.x",
        "Timeout": 120,
      },
      "Type": "AWS::Lambda::Function",
    },
    "AWS679f53fac002430cb0da5b7982bd2287ServiceRoleC1EA0FF2": Object {
      "Properties": Object {
        "AssumeRolePolicyDocument": Object {
          "Statement": Array [
            Object {
              "Action": "sts:AssumeRole",
              "Effect": "Allow",
              "Principal": Object {
                "Service": "lambda.amazonaws.com",
              },
            },
          ],
          "Version": "2012-10-17",
        },
        "ManagedPolicyArns": Array [
          Object {
            "Fn::Join": Array [
              "",
              Array [
                "arn:",
                Object {
                  "Ref": "AWS::Partition",
                },
                ":iam::aws:policy/service-role/AWSLambdaBasicExecutionRole",
              ],
            ],
          },
        ],
      },
      "Type": "AWS::IAM::Role",
    },
    "OrganizationalUnitOrganizationalUnitCustomResource7D365DCB": Object {
      "DeletionPolicy": "Delete",
      "DependsOn": Array [
        "OrganizationalUnitOrganizationalUnitCustomResourceCustomResourcePolicy75EF1101",
      ],
      "Properties": Object {
        "Create": "{\\"service\\":\\"Organization\\",\\"action\\":\\"createOrganizationalUnit\\",\\"region\\":\\"us-east-1\\",\\"parameters\\":{\\"Name\\":\\"TestOrganization\\",\\"ParentId\\":\\"r-1234\\",\\"Tags\\":[]},\\"physicalResourceId\\":{\\"responsePath\\":\\"OrganizationalUnit.Id\\"}}",
        "Delete": "{\\"service\\":\\"Organization\\",\\"action\\":\\"deleteOrganizationalUnit\\",\\"region\\":\\"us-east-1\\",\\"parameters\\":{\\"OrganizationalUnitId\\":\\"PHYSICAL:RESOURCEID:\\"}}",
        "InstallLatestAwsSdk": true,
        "ServiceToken": Object {
          "Fn::GetAtt": Array [
            "AWS679f53fac002430cb0da5b7982bd22872D164C4C",
            "Arn",
          ],
        },
        "Update": "{\\"service\\":\\"Organization\\",\\"action\\":\\"updateOrganizationalUnit\\",\\"region\\":\\"us-east-1\\",\\"parameters\\":{\\"Name\\":\\"TestOrganization\\",\\"OrganizationalUnitId\\":\\"PHYSICAL:RESOURCEID:\\"},\\"physicalResourceId\\":{\\"responsePath\\":\\"OrganizationalUnit.Id\\"}}",
      },
      "Type": "Custom::Organization_OrganizationalUnit",
      "UpdateReplacePolicy": "Delete",
    },
    "OrganizationalUnitOrganizationalUnitCustomResourceCustomResourcePolicy75EF1101": Object {
      "Properties": Object {
        "PolicyDocument": Object {
          "Statement": Array [
            Object {
              "Action": "organization:CreateOrganizationalUnit",
              "Effect": "Allow",
              "Resource": "*",
            },
            Object {
              "Action": "organization:UpdateOrganizationalUnit",
              "Effect": "Allow",
              "Resource": "*",
            },
            Object {
              "Action": "organization:DeleteOrganizationalUnit",
              "Effect": "Allow",
              "Resource": "*",
            },
          ],
          "Version": "2012-10-17",
        },
        "PolicyName": "OrganizationalUnitOrganizationalUnitCustomResourceCustomResourcePolicy75EF1101",
        "Roles": Array [
          Object {
            "Ref": "AWS679f53fac002430cb0da5b7982bd2287ServiceRoleC1EA0FF2",
          },
        ],
      },
      "Type": "AWS::IAM::Policy",
    },
  },
}
`;
